---
source: src/tests/mod.rs
expression: "State::initial().into_builder().invert_active_player().build().pretty()"
---
|===|                |===|
|...|                |...|
|...|                |...|
|===|                |===|
|---|                |---|
|GLE|                |GLE|
|*C*|                |*C*|
|*c*|                |*c*|
|elg|                |elg|
|---|                |---|
