---
source: src/tests/mod.rs
expression: "SearchNode::initial().into_builder().init_next_action().pretty()"
---
|---|                |---|
|GLE|                |GLE|
|*C*|                |*C*|
|*c*|                |*c*|
|elg|                |elg|
|---|                |---|
next_action: active_lion to r0c0
